// Vitest Snapshot v1

exports[`multiple-hmr > serve > get initial error and subsequent error 1`] = `"[{\\"checkerId\\":\\"TypeScript\\",\\"frame\\":\\"    4 |/n    5 | function App() {/n  > 6 |   var [count, setCount] = useState<string>(1)/n      |                                            ^/n    7 |   return (/n    8 |     <div className=/\\"App/\\">/n    9 |       <header className=/\\"App-header/\\">\\",\\"id\\":\\"<PROJECT_ROOT>/playground-temp/multiple-hmr/src/App.tsx\\",\\"level\\":1,\\"loc\\":{\\"column\\":44,\\"file\\":\\"<PROJECT_ROOT>/playground-temp/multiple-hmr/src/App.tsx\\",\\"line\\":6},\\"message\\":\\"Argument of type 'number' is not assignable to parameter of type 'string | (() => string)'.\\",\\"stack\\":\\"\\"}]"`;

exports[`multiple-hmr > serve > get initial error and subsequent error 2`] = `
" ERROR(ESLint)  Unexpected var, use let or const instead. (no-var)
 FILE  <PROJECT_ROOT>/playground-temp/multiple-hmr/src/App.tsx:6:3

    4 |
    5 | function App() {
  > 6 |   var [count, setCount] = useState<string>(1)
      |   ^^^^^^^^^^^^^^^^^^^^^^^^^^^^^^^^^^^^^^^^^^^
    7 |   return (
    8 |     <div className=\\"App\\">
    9 |       <header className=\\"App-header\\">
[ESLint] Found 1 error and 0 warning
 ERROR(TypeScript)  Argument of type 'number' is not assignable to parameter of type 'string | (() => string)'.
 FILE  <PROJECT_ROOT>/playground-temp/multiple-hmr/src/App.tsx:6:44

    4 |
    5 | function App() {
  > 6 |   var [count, setCount] = useState<string>(1)
      |                                            ^
    7 |   return (
    8 |     <div className=\\"App\\">
    9 |       <header className=\\"App-header\\">

[TypeScript] Found 1 error. Watching for file changes."
`;

exports[`multiple-hmr > serve > get initial error and subsequent error 3`] = `"[{\\"checkerId\\":\\"TypeScript\\",\\"frame\\":\\"    4 |/n    5 | function App() {/n  > 6 |   var [count, setCount] = useState<string>(2)/n      |                                            ^/n    7 |   return (/n    8 |     <div className=/\\"App/\\">/n    9 |       <header className=/\\"App-header/\\">\\",\\"id\\":\\"<PROJECT_ROOT>/playground-temp/multiple-hmr/src/App.tsx\\",\\"level\\":1,\\"loc\\":{\\"column\\":44,\\"file\\":\\"<PROJECT_ROOT>/playground-temp/multiple-hmr/src/App.tsx\\",\\"line\\":6},\\"message\\":\\"Argument of type 'number' is not assignable to parameter of type 'string | (() => string)'.\\",\\"stack\\":\\"\\"}]"`;

exports[`multiple-hmr > serve > get initial error and subsequent error 4`] = `
" ERROR(ESLint)  Unexpected var, use let or const instead. (no-var)
 FILE  <PROJECT_ROOT>/playground-temp/multiple-hmr/src/App.tsx:6:3

    4 |
    5 | function App() {
  > 6 |   var [count, setCount] = useState<string>(2)
      |   ^^^^^^^^^^^^^^^^^^^^^^^^^^^^^^^^^^^^^^^^^^^
    7 |   return (
    8 |     <div className=\\"App\\">
    9 |       <header className=\\"App-header\\">
[ESLint] Found 1 error and 0 warning
 ERROR(TypeScript)  Argument of type 'number' is not assignable to parameter of type 'string | (() => string)'.
 FILE  <PROJECT_ROOT>/playground-temp/multiple-hmr/src/App.tsx:6:44

    4 |
    5 | function App() {
  > 6 |   var [count, setCount] = useState<string>(2)
      |                                            ^
    7 |   return (
    8 |     <div className=\\"App\\">
    9 |       <header className=\\"App-header\\">

[TypeScript] Found 1 error. Watching for file changes."
`;

exports[`multiple-hmr > serve > get initial error and subsequent error 5`] = `"[]"`;

exports[`multiple-hmr > serve > get initial error and subsequent error 6`] = `
" ERROR(ESLint)  Unexpected var, use let or const instead. (no-var)
 FILE  <PROJECT_ROOT>/playground-temp/multiple-hmr/src/App.tsx:6:3

    4 |
    5 | function App() {
  > 6 |   var [count, setCount] = useState<string>('x')
      |   ^^^^^^^^^^^^^^^^^^^^^^^^^^^^^^^^^^^^^^^^^^^^^
    7 |   return (
    8 |     <div className=\\"App\\">
    9 |       <header className=\\"App-header\\">
[ESLint] Found 1 error and 0 warning
[TypeScript] Found 0 errors. Watching for file changes."
`;

exports[`multiple-hmr > serve > get initial error and subsequent error 7`] = `"[]"`;

exports[`multiple-hmr > serve > get initial error and subsequent error 8`] = `
"[ESLint] Found 0 error and 0 warning
[TypeScript] Found 0 errors. Watching for file changes."
`;
