// Vitest Snapshot v1, https://vitest.dev/guide/snapshot.html

exports[`biome > serve > get initial error and subsequent error 1`] = `"[{"checkerId":"Biome","frame":"    2 | var b = 'world'/n    3 | const c = '!'/n  > 4 | var d = a + b + c/n      |     ^/n    5 |/n    6 | export default c/n    7 |","id":"<PROJECT_ROOT>/playground-temp/biome-default/src/index.js","level":0,"loc":{"column":5,"file":"<PROJECT_ROOT>/playground-temp/biome-default/src/index.js","line":4},"message":"[lint/correctness/noUnusedVariables] This variable d is unused.","stack":""},{"checkerId":"Biome","frame":"    4 | var d = a + b + c/n    5 |/n  > 6 | export default c/n      |        ^^^^^^^/n    7 |","id":"<PROJECT_ROOT>/playground-temp/biome-default/src/index.js","level":1,"loc":{"column":8,"file":"<PROJECT_ROOT>/playground-temp/biome-default/src/index.js","line":6},"message":"[lint/style/noDefaultExport] Avoid default exports.","stack":""}]"`;

exports[`biome > serve > get initial error and subsequent error 2`] = `
[
  " WARNING(Biome)  [lint/correctness/noUnusedVariables] This variable d is unused.
 FILE  <PROJECT_ROOT>/playground-temp/biome-default/src/index.js:4:5

    2 | var b = 'world'
    3 | const c = '!'
  > 4 | var d = a + b + c
      |     ^
    5 |
    6 | export default c
    7 |
",
  " ERROR(Biome)  [lint/style/noDefaultExport] Avoid default exports.
 FILE  <PROJECT_ROOT>/playground-temp/biome-default/src/index.js:6:8

    4 | var d = a + b + c
    5 |
  > 6 | export default c
      |        ^^^^^^^
    7 |
",
  "[Biome] Found 1 error and 1 warning",
]
`;

exports[`biome > serve > get initial error and subsequent error 3`] = `"[{"checkerId":"Biome","frame":"    2 | const b = 'world'/n    3 | const c = '!'/n  > 4 | var d = a + b + c/n      |     ^/n    5 |/n    6 | export default c/n    7 |","id":"<PROJECT_ROOT>/playground-temp/biome-default/src/index.js","level":0,"loc":{"column":5,"file":"<PROJECT_ROOT>/playground-temp/biome-default/src/index.js","line":4},"message":"[lint/correctness/noUnusedVariables] This variable d is unused.","stack":""},{"checkerId":"Biome","frame":"    4 | var d = a + b + c/n    5 |/n  > 6 | export default c/n      |        ^^^^^^^/n    7 |","id":"<PROJECT_ROOT>/playground-temp/biome-default/src/index.js","level":1,"loc":{"column":8,"file":"<PROJECT_ROOT>/playground-temp/biome-default/src/index.js","line":6},"message":"[lint/style/noDefaultExport] Avoid default exports.","stack":""}]"`;

exports[`biome > serve > get initial error and subsequent error 4`] = `
[
  " WARNING(Biome)  [lint/correctness/noUnusedVariables] This variable d is unused.
 FILE  <PROJECT_ROOT>/playground-temp/biome-default/src/index.js:4:5

    2 | const b = 'world'
    3 | const c = '!'
  > 4 | var d = a + b + c
      |     ^
    5 |
    6 | export default c
    7 |
",
  " ERROR(Biome)  [lint/style/noDefaultExport] Avoid default exports.
 FILE  <PROJECT_ROOT>/playground-temp/biome-default/src/index.js:6:8

    4 | var d = a + b + c
    5 |
  > 6 | export default c
      |        ^^^^^^^
    7 |
",
  "[Biome] Found 1 error and 1 warning",
]
`;
