// Vitest Snapshot v1, https://vitest.dev/guide/snapshot.html

exports[`biome > serve > get initial error and subsequent error 1`] = `"[{"checkerId":"Biome","frame":"    2 | var b = 'world'/n    3 | const c = '!'/n  > 4 | var d = a + b + c/n      |     ^/n    5 |","id":"src/index.js","level":0,"loc":{"column":5,"file":"src/index.js","line":4},"message":"[lint/correctness/noUnusedVariables] This variable d is unused.","stack":""}]"`;

exports[`biome > serve > get initial error and subsequent error 2`] = `
[
  " WARNING(Biome)  [lint/correctness/noUnusedVariables] This variable d is unused.
 FILE  src/index.js:4:5

    2 | var b = 'world'
    3 | const c = '!'
  > 4 | var d = a + b + c
      |     ^
    5 |
",
  "[Biome] Found 0 error and 1 warning",
]
`;

exports[`biome > serve > get initial error and subsequent error 3`] = `"[{"checkerId":"Biome","frame":"    2 | var b = 'world'/n    3 | const c = '!'/n  > 4 | var d = a + b + c/n      |     ^/n    5 |","id":"src/index.js","level":0,"loc":{"column":5,"file":"src/index.js","line":4},"message":"[lint/correctness/noUnusedVariables] This variable d is unused.","stack":""},{"checkerId":"Biome","frame":"    2 | const b = 'world'/n    3 | const c = '!'/n  > 4 | var d = a + b + c/n      |     ^/n    5 |","id":"src/index.js","level":0,"loc":{"column":5,"file":"src/index.js","line":4},"message":"[lint/correctness/noUnusedVariables] This variable d is unused.","stack":""}]"`;

exports[`biome > serve > get initial error and subsequent error 4`] = `
[
  " WARNING(Biome)  [lint/correctness/noUnusedVariables] This variable d is unused.
 FILE  src/index.js:4:5

    2 | var b = 'world'
    3 | const c = '!'
  > 4 | var d = a + b + c
      |     ^
    5 |
",
  " WARNING(Biome)  [lint/correctness/noUnusedVariables] This variable d is unused.
 FILE  src/index.js:4:5

    2 | const b = 'world'
    3 | const c = '!'
  > 4 | var d = a + b + c
      |     ^
    5 |
",
  "[Biome] Found 0 error and 2 warnings",
]
`;
