// Jest Snapshot v1, https://goo.gl/fbAQLP

exports[`overlay-initialIsOpen-false serve get initial error and subsequent error 1`] = `""`;

exports[`overlay-initialIsOpen-false serve get initial error and subsequent error 2`] = `""`;

exports[`overlay-initialIsOpen-false serve get initial error and subsequent error 3`] = `""`;
